00:36:06 **** Incremental Build of configuration Debug for project Frequency-meter-based-on-STM32 ****
make -j8 all 
arm-none-eabi-gcc "../Core/Src/stm32f4xx_hal_msp.c" -mcpu=cortex-m4 -std=gnu11 -g3 -DDEBUG -DUSE_HAL_DRIVER -DSTM32F446xx -c -I../Core/Inc -I../Drivers/STM32F4xx_HAL_Driver/Inc -I../Drivers/STM32F4xx_HAL_Driver/Inc/Legacy -I../Drivers/CMSIS/Device/ST/STM32F4xx/Include -I../Drivers/CMSIS/Include -O0 -ffunction-sections -fdata-sections -Wall -fstack-usage -fcyclomatic-complexity -MMD -MP -MF"Core/Src/stm32f4xx_hal_msp.d" -MT"Core/Src/stm32f4xx_hal_msp.o" --specs=nano.specs -mfpu=fpv4-sp-d16 -mfloat-abi=hard -mthumb -o "Core/Src/stm32f4xx_hal_msp.o"
arm-none-eabi-gcc "../Core/Src/stm32f4xx_it.c" -mcpu=cortex-m4 -std=gnu11 -g3 -DDEBUG -DUSE_HAL_DRIVER -DSTM32F446xx -c -I../Core/Inc -I../Drivers/STM32F4xx_HAL_Driver/Inc -I../Drivers/STM32F4xx_HAL_Driver/Inc/Legacy -I../Drivers/CMSIS/Device/ST/STM32F4xx/Include -I../Drivers/CMSIS/Include -O0 -ffunction-sections -fdata-sections -Wall -fstack-usage -fcyclomatic-complexity -MMD -MP -MF"Core/Src/stm32f4xx_it.d" -MT"Core/Src/stm32f4xx_it.o" --specs=nano.specs -mfpu=fpv4-sp-d16 -mfloat-abi=hard -mthumb -o "Core/Src/stm32f4xx_it.o"
arm-none-eabi-gcc -o "Frequency-meter-based-on-STM32.elf" @"objects.list"   -mcpu=cortex-m4 -T"C:\Users\sytye\Desktop\Frequency-meter-based-on-STM32\Frequency-meter-based-on-STM32\STM32F446RETX_FLASH.ld" --specs=nosys.specs -Wl,-Map="Frequency-meter-based-on-STM32.map" -Wl,--gc-sections -static --specs=nano.specs -mfpu=fpv4-sp-d16 -mfloat-abi=hard -mthumb -Wl,--start-group -lc -lm -Wl,--end-group
Finished building target: Frequency-meter-based-on-STM32.elf
 
arm-none-eabi-size  Frequency-meter-based-on-STM32.elf 
arm-none-eabi-objdump -h -S Frequency-meter-based-on-STM32.elf  > "Frequency-meter-based-on-STM32.list"
   text	   data	    bss	    dec	    hex	filename
  16288	     28	   1868	  18184	   4708	Frequency-meter-based-on-STM32.elf
Finished building: default.size.stdout
 
Finished building: Frequency-meter-based-on-STM32.list
 

00:36:08 Build Finished. 0 errors, 0 warnings. (took 2s.595ms)

