17:24:10 **** Incremental Build of configuration Debug for project Frequency-meter-based-on-STM32 ****
make -j8 all 
arm-none-eabi-gcc "../Core/Src/main.c" -mcpu=cortex-m4 -std=gnu11 -g3 -DDEBUG -DUSE_HAL_DRIVER -DSTM32F446xx -c -I../Core/Inc -I../Drivers/STM32F4xx_HAL_Driver/Inc -I../Drivers/STM32F4xx_HAL_Driver/Inc/Legacy -I../Drivers/CMSIS/Device/ST/STM32F4xx/Include -I../Drivers/CMSIS/Include -O0 -ffunction-sections -fdata-sections -Wall -fstack-usage -fcyclomatic-complexity -MMD -MP -MF"Core/Src/main.d" -MT"Core/Src/main.o" --specs=nano.specs -mfpu=fpv4-sp-d16 -mfloat-abi=hard -mthumb -o "Core/Src/main.o"
arm-none-eabi-gcc -o "Frequency-meter-based-on-STM32.elf" @"objects.list"   -mcpu=cortex-m4 -T"C:\Users\sytye\Desktop\STM32F446RE_workspace\Frequency-meter-based-on-STM32\Frequency-meter-based-on-STM32\STM32F446RETX_FLASH.ld" --specs=nosys.specs -Wl,-Map="Frequency-meter-based-on-STM32.map" -Wl,--gc-sections -static --specs=nano.specs -mfpu=fpv4-sp-d16 -mfloat-abi=hard -mthumb -Wl,--start-group -lc -lm -Wl,--end-group
Finished building target: Frequency-meter-based-on-STM32.elf
 
arm-none-eabi-size  Frequency-meter-based-on-STM32.elf 
arm-none-eabi-objdump -h -S Frequency-meter-based-on-STM32.elf  > "Frequency-meter-based-on-STM32.list"
   text	   data	    bss	    dec	    hex	filename
  16048	     28	   1828	  17904	   45f0	Frequency-meter-based-on-STM32.elf
Finished building: default.size.stdout
 
Finished building: Frequency-meter-based-on-STM32.list
 
17:24:15 **** Incremental Build of configuration Debug for project Frequency-meter-based-on-STM32 ****
make -j8 all 
arm-none-eabi-size  Frequency-meter-based-on-STM32.elf 
   text	   data	    bss	    dec	    hex	filename
  16048	     28	   1828	  17904	   45f0	Frequency-meter-based-on-STM32.elf
Finished building: default.size.stdout
 
